// Jest Snapshot v1, https://goo.gl/fbAQLP

exports[`App.vue It match the snapshot 1`] = `
<div
  id="app"
>
  <icon-definition-stub />
  <navigation-header-stub />
  <router-view-stub
    name="default"
  />
</div>
`;
